[14:52:15] v6 gaps sweep starting (A|B|C|D parallel)
[14:53:39] done v5_depthwise_mrpc_pqc_s0_n-qubits4 rc=0
[14:53:55] done v5_depthwise_mrpc_mlp_s0_n-qubits4 rc=0
[14:55:12] done v5_depthwise_mrpc_pqc_s1_n-qubits4 rc=0
[14:55:25] done v5_depthwise_mrpc_mlp_s1_n-qubits4 rc=0
[14:56:59] done v5_depthwise_mrpc_pqc_s2_n-qubits4 rc=0
[14:57:14] done v5_depthwise_mrpc_mlp_s2_n-qubits4 rc=0
[14:58:40] done v5_depthwise_mrpc_pqc_s3_n-qubits4 rc=0
[14:58:54] done v5_depthwise_mrpc_mlp_s3_n-qubits4 rc=0
[15:00:27] done v5_depthwise_paws_pqc_s8_ rc=0
[15:00:38] done v5_depthwise_mrpc_pqc_s4_n-qubits4 rc=0
[15:00:43] done v5_depthwise_paws_mlp_s8_ rc=0
[15:00:52] done v5_depthwise_mrpc_mlp_s4_n-qubits4 rc=0
[15:02:11] done v5_depthwise_mrpc_pqc_s5_n-qubits4 rc=0
[15:02:25] done v5_depthwise_mrpc_mlp_s5_n-qubits4 rc=0
[15:03:58] done v5_depthwise_mrpc_pqc_s6_n-qubits4 rc=0
[15:04:12] done v5_depthwise_mrpc_mlp_s6_n-qubits4 rc=0
[15:06:23] done v5_depthwise_mrpc_pqc_s7_n-qubits4 rc=0
[15:06:37] done v5_depthwise_mrpc_mlp_s7_n-qubits4 rc=0
[15:07:52] done v4_linear_paws_pqc_s0_ rc=0
[15:08:07] done v4_linear_paws_mlp_s0_ rc=0
[15:12:57] done v5_depthwise_mrpc_pqc_s0_n-qubits12 rc=0
[15:13:12] done v5_depthwise_mrpc_mlp_s0_n-qubits12 rc=0
[15:14:22] done v5_depthwise_paws_pqc_s9_ rc=0
[15:14:37] done v5_depthwise_paws_mlp_s9_ rc=0
[15:18:29] done v5_depthwise_mrpc_pqc_s1_n-qubits12 rc=0
[15:18:43] done v5_depthwise_mrpc_mlp_s1_n-qubits12 rc=0
[16:57:45] done v4_linear_paws_pqc_s1_ rc=0
[17:13:18] done v4_linear_paws_mlp_s1_ rc=0
[18:36:37] done v5_depthwise_mrpc_pqc_s2_n-qubits12 rc=0
[18:36:51] done v5_depthwise_mrpc_mlp_s2_n-qubits12 rc=0
[18:39:45] done v4_linear_paws_pqc_s2_ rc=0
[18:39:59] done v5_depthwise_qqp_pqc_s0_ rc=0
[18:39:59] done v4_linear_paws_mlp_s2_ rc=0
[18:40:22] done v5_depthwise_qqp_mlp_s0_ rc=0
[18:40:57] done v5_depthwise_paws_pqc_s10_ rc=0
[18:41:12] done v5_depthwise_paws_mlp_s10_ rc=0
[18:45:38] done v5_depthwise_mrpc_pqc_s3_n-qubits12 rc=0
[18:45:54] done v5_depthwise_mrpc_mlp_s3_n-qubits12 rc=0
[18:48:53] done v5_depthwise_paws_pqc_s11_ rc=0
[18:49:08] done v5_depthwise_paws_mlp_s11_ rc=0
[18:53:34] done v5_depthwise_mrpc_pqc_s4_n-qubits12 rc=0
[18:53:48] done v5_depthwise_mrpc_mlp_s4_n-qubits12 rc=0
[18:54:28] done v4_linear_paws_pqc_s3_ rc=0
[18:54:42] done v4_linear_paws_mlp_s3_ rc=0
[19:09:09] done v5_depthwise_paws_pqc_s12_ rc=0
[19:09:23] done v5_depthwise_paws_mlp_s12_ rc=0
[19:12:34] done v5_depthwise_mrpc_pqc_s5_n-qubits12 rc=0
[19:12:49] done v5_depthwise_mrpc_mlp_s5_n-qubits12 rc=0
[19:19:46] done v5_depthwise_mrpc_pqc_s6_n-qubits12 rc=0
[19:20:01] done v5_depthwise_mrpc_mlp_s6_n-qubits12 rc=0
[19:21:01] done v5_depthwise_paws_pqc_s13_ rc=0
[19:21:17] done v5_depthwise_paws_mlp_s13_ rc=0
[19:22:22] done v4_linear_paws_pqc_s4_ rc=0
[19:22:35] done v4_linear_paws_mlp_s4_ rc=0
[19:27:26] done v5_depthwise_mrpc_pqc_s7_n-qubits12 rc=0
[19:27:39] done v5_depthwise_mrpc_mlp_s7_n-qubits12 rc=0
[19:27:39] BLOCK D COMPLETE
[19:29:37] done v5_depthwise_paws_pqc_s14_ rc=0
[19:29:54] done v5_depthwise_paws_mlp_s14_ rc=0
[19:46:50] done v5_depthwise_paws_pqc_s15_ rc=0
[19:47:28] done v5_depthwise_paws_mlp_s15_ rc=0
[19:47:28] BLOCK A COMPLETE
[19:48:34] done v5_depthwise_qqp_pqc_s1_ rc=0
[19:49:28] done v5_depthwise_qqp_mlp_s1_ rc=0
[19:50:33] done v4_linear_paws_pqc_s5_ rc=0
[21:14:55] done v4_linear_paws_mlp_s5_ rc=0
[21:31:56] done v4_linear_paws_pqc_s6_ rc=0
[21:32:14] done v4_linear_paws_mlp_s6_ rc=0
[21:46:37] done v5_depthwise_qqp_pqc_s2_ rc=0
[21:46:40] done v4_linear_paws_pqc_s7_ rc=0
[21:46:53] done v4_linear_paws_mlp_s7_ rc=0
[21:46:53] BLOCK B COMPLETE
[21:47:05] done v5_depthwise_qqp_mlp_s2_ rc=0
[22:39:29] done v5_depthwise_qqp_pqc_s3_ rc=0
[22:39:57] done v5_depthwise_qqp_mlp_s3_ rc=0
[23:22:25] done v5_depthwise_qqp_pqc_s4_ rc=0
[23:22:47] done v5_depthwise_qqp_mlp_s4_ rc=0
[23:52:54] done v5_depthwise_qqp_pqc_s5_ rc=0
[23:53:15] done v5_depthwise_qqp_mlp_s5_ rc=0
[00:17:35] done v5_depthwise_qqp_pqc_s6_ rc=0
[00:17:55] done v5_depthwise_qqp_mlp_s6_ rc=0
[00:49:14] done v5_qqp_mlp_s7 rc=0
[00:56:26] done v4_qqp_pqc_s2 rc=0
[01:06:19] done v4_qqp_pqc_s4 rc=0
[01:06:53] done v4_qqp_pqc_s0 rc=0
[01:35:36] done v4_qqp_pqc_s3 rc=0
[01:38:17] done v4_qqp_pqc_s6 rc=0
[01:41:16] done v4_qqp_pqc_s5 rc=0
[04:57:58] done v4_qqp_pqc_s1 rc=0
[12:15:08] done v4_qqp_pqc_s7 rc=0
[12:15:47] done v4_qqp_mlp_s0 rc=0
[12:16:08] done v4_qqp_mlp_s1 rc=0
[12:16:29] done v4_qqp_mlp_s2 rc=0
[12:16:49] done v4_qqp_mlp_s3 rc=0
[12:17:10] done v4_qqp_mlp_s4 rc=0
[12:17:31] done v4_qqp_mlp_s5 rc=0
[12:17:51] done v4_qqp_mlp_s6 rc=0
[12:18:12] done v4_qqp_mlp_s7 rc=0
[12:18:12] QQP PARALLEL COMPLETE
[12:18:18] AUTO-FINALIZE COMPLETE (stats+figs+pdf)
