[20:29:31] v7 E2 SEL sweep starting (uncal|cal parallel)
[20:31:34] done sel_cal_s0 rc=0
[20:31:35] done sel_uncal_s0 rc=0
[20:32:50] done sel_cal_s1 rc=0
[20:32:58] done sel_uncal_s1 rc=0
[20:34:01] done sel_cal_s2 rc=0
[20:34:53] done sel_uncal_s2 rc=0
[20:35:13] done sel_cal_s3 rc=0
[20:36:12] done sel_uncal_s3 rc=0
[20:36:36] done sel_cal_s4 rc=0
[20:38:28] done sel_cal_s5 rc=0
[20:38:58] done sel_uncal_s4 rc=0
[20:39:51] done sel_cal_s6 rc=0
[20:41:40] done sel_uncal_s5 rc=0
[20:41:45] done sel_cal_s7 rc=0
[20:41:45] BLOCK cal COMPLETE
[20:43:21] done sel_uncal_s6 rc=0
[20:44:51] done sel_uncal_s7 rc=0
[20:44:51] BLOCK uncal COMPLETE
[20:44:51] ALL BLOCKS COMPLETE
