[13:53:11] v8 controls starting (A: q16 mid-capacity, B: bias ablation)
[13:56:10] done v8_mrpc_q8_bias_pqc_s1 rc=0
[13:56:49] done v8_mrpc_q8_bias_pqc_s0 rc=0
[13:56:49] done v8_mrpc_q8_scale_pqc_s2 rc=0
[13:56:50] done v8_mrpc_q8_bias_pqc_s2 rc=0
[13:59:06] done v8_mrpc_q8_scale_pqc_s0 rc=0
[13:59:07] done v8_mrpc_q8_scale_pqc_s1 rc=0
[13:59:08] done v8_mrpc_q8_bias_pqc_s3 rc=0
[14:00:14] done v8_mrpc_q8_bias_pqc_s4 rc=0
[14:01:10] done v8_mrpc_q8_scale_pqc_s3 rc=0
[14:01:52] done v8_mrpc_q8_bias_pqc_s6 rc=0
[14:02:13] done v8_mrpc_q8_scale_pqc_s4 rc=0
[14:02:18] done v8_mrpc_q8_scale_pqc_s5 rc=0
[14:03:25] done v8_mrpc_q8_bias_pqc_s5 rc=0
[14:04:39] done v8_mrpc_q8_bias_pqc_s7 rc=0
[14:05:56] done v8_mrpc_q8_scale_pqc_s6 rc=0
[14:06:33] done v8_mrpc_q8_scale_pqc_s7 rc=0
[14:06:33] B/mrpc COMPLETE
[14:26:15] done v8_qqp_q8_bias_pqc_s2 rc=0
[14:26:29] done v8_qqp_q8_bias_pqc_s0 rc=0
[14:40:26] done v8_qqp_q8_scale_pqc_s2 rc=0
[14:45:27] done v8_qqp_q8_bias_pqc_s1 rc=0
[14:47:34] done v8_qqp_q8_scale_pqc_s0 rc=0
[14:47:36] done v8_qqp_q8_scale_pqc_s1 rc=0
[14:53:33] done v8_qqp_q8_bias_pqc_s3 rc=0
[15:07:29] done v8_qqp_q8_scale_pqc_s3 rc=0
[15:07:38] done v8_qqp_q8_bias_pqc_s5 rc=0
[15:08:45] done v8_qqp_q8_bias_pqc_s6 rc=0
[15:10:50] done v8_qqp_q8_bias_pqc_s4 rc=0
[15:14:25] done v8_qqp_q8_scale_pqc_s5 rc=0
[15:21:54] done v8_qqp_q8_scale_pqc_s4 rc=0
[15:33:53] done v8_qqp_q8_bias_pqc_s7 rc=0
[15:40:09] done v8_qqp_q8_scale_pqc_s6 rc=0
[15:49:18] done v8_qqp_q8_scale_pqc_s7 rc=0
[15:49:18] B/qqp COMPLETE -- EXPERIMENT B DONE
[15:49:33] done v8_mrpc_q16_both_mlp_s1 rc=0
[15:49:33] done v8_mrpc_q16_both_mlp_s0 rc=0
[15:49:33] done v8_mrpc_q16_both_mlp_s2 rc=0
[15:49:51] done v8_mrpc_q16_both_mlp_s3 rc=0
[15:50:09] done v8_mrpc_q16_both_mlp_s4 rc=0
[16:24:20] done v8_mrpc_q16_both_pqc_s5 rc=0
[16:24:37] done v8_mrpc_q16_both_mlp_s5 rc=0
[16:27:11] done v8_mrpc_q16_both_pqc_s1 rc=0
[16:27:27] done v8_mrpc_q16_both_mlp_s6 rc=0
[16:35:15] done v8_mrpc_q16_both_pqc_s3 rc=0
[16:35:32] done v8_mrpc_q16_both_mlp_s7 rc=0
[16:45:00] done v8_mrpc_q16_both_pqc_s2 rc=0
[16:51:02] done v8_mrpc_q16_both_pqc_s0 rc=0
[16:57:37] done v8_mrpc_q16_both_pqc_s6 rc=0
[16:59:49] done v8_mrpc_q16_both_pqc_s7 rc=0
[17:02:26] done v8_mrpc_q16_both_pqc_s4 rc=0
[17:02:26] A/mrpc COMPLETE
[17:02:46] done v8_qqp_q16_both_mlp_s1 rc=0
[17:02:46] done v8_qqp_q16_both_mlp_s0 rc=0
[17:02:46] done v8_qqp_q16_both_mlp_s2 rc=0
[17:03:04] done v8_qqp_q16_both_mlp_s3 rc=0
[17:03:27] done v8_qqp_q16_both_mlp_s4 rc=0
[18:04:24] done v8_qqp_q16_both_pqc_s5 rc=0
[18:04:46] done v8_qqp_q16_both_mlp_s5 rc=0
[18:32:06] done v8_qqp_q16_both_pqc_s0 rc=0
[18:32:27] done v8_qqp_q16_both_mlp_s6 rc=0
[18:33:45] done v8_qqp_q16_both_pqc_s3 rc=0
[18:34:06] done v8_qqp_q16_both_mlp_s7 rc=0
[18:40:11] done v8_qqp_q16_both_pqc_s2 rc=0
[18:52:19] done v8_qqp_q16_both_pqc_s1 rc=0
[18:55:55] done v8_qqp_q16_both_pqc_s4 rc=0
[19:01:08] done v8_qqp_q16_both_pqc_s6 rc=0
[19:40:33] done v8_qqp_q16_both_pqc_s7 rc=0
[19:40:33] A/qqp COMPLETE -- ALL v8 CONTROLS DONE
